#-----------------------------------------------------------
# Vivado v2023.1 (64-bit)
# SW Build 3865809 on Sun May  7 15:05:29 MDT 2023
# IP Build 3864474 on Sun May  7 20:36:21 MDT 2023
# SharedData Build 3865790 on Sun May 07 13:33:03 MDT 2023
# Start of session at: Wed May  8 17:00:56 2024
# Process ID: 35140
# Current directory: D:/ZJUlesson/24Spring/CO/lab4/SOC
# Command line: vivado.exe -gui_launcher_event rodinguilauncherevent3416 D:\ZJUlesson\24Spring\CO\lab4\SOC\OExp02-IP2SOC.xpr
# Log file: D:/ZJUlesson/24Spring/CO/lab4/SOC/vivado.log
# Journal file: D:/ZJUlesson/24Spring/CO/lab4/SOC\vivado.jou
# Running On: LAPTOP-24U2CQ3S, OS: Windows, CPU Frequency: 3110 MHz, CPU Physical cores: 12, Host memory: 16892 MB
#-----------------------------------------------------------
start_gui
open_project D:/ZJUlesson/24Spring/CO/lab4/SOC/OExp02-IP2SOC.xpr
update_compile_order -fileset sources_1
# Disabling source management mode.  This is to allow the top design properties to be set without GUI intervention.
set_property source_mgmt_mode None [current_project]
set_property top socTest [current_fileset]
# Re-enabling previously disabled source management mode.
set_property source_mgmt_mode All [current_project]
update_compile_order -fileset sources_1
launch_simulation
open_wave_config D:/ZJUlesson/24Spring/CO/lab4/SOC/soc_tb_behav.wcfg
source soc_tb.tcl
close_sim
# Disabling source management mode.  This is to allow the top design properties to be set without GUI intervention.
set_property source_mgmt_mode None [current_project]
set_property top CSSTE [current_fileset]
# Re-enabling previously disabled source management mode.
set_property source_mgmt_mode All [current_project]
update_compile_order -fileset sources_1
