#-----------------------------------------------------------
# Vivado v2023.1 (64-bit)
# SW Build 3865809 on Sun May  7 15:05:29 MDT 2023
# IP Build 3864474 on Sun May  7 20:36:21 MDT 2023
# SharedData Build 3865790 on Sun May 07 13:33:03 MDT 2023
# Start of session at: Wed Mar 27 11:47:54 2024
# Process ID: 20988
# Current directory: D:/ZJUlesson/24Spring/CO/lab3/div32
# Command line: vivado.exe -gui_launcher_event rodinguilauncherevent7588 D:\ZJUlesson\24Spring\CO\lab3\div32\div32.xpr
# Log file: D:/ZJUlesson/24Spring/CO/lab3/div32/vivado.log
# Journal file: D:/ZJUlesson/24Spring/CO/lab3/div32\vivado.jou
# Running On: LAPTOP-24U2CQ3S, OS: Windows, CPU Frequency: 3110 MHz, CPU Physical cores: 12, Host memory: 16892 MB
#-----------------------------------------------------------
start_gui
open_project D:/ZJUlesson/24Spring/CO/lab3/div32/div32.xpr
update_compile_order -fileset sources_1
launch_simulation
open_wave_config D:/ZJUlesson/24Spring/CO/lab3/div32/div32_tb_behav.wcfg
source div32_tb.tcl
close_sim
launch_simulation
open_wave_config D:/ZJUlesson/24Spring/CO/lab3/div32/div32_tb_behav.wcfg
source div32_tb.tcl
run all
close_sim
launch_simulation
open_wave_config D:/ZJUlesson/24Spring/CO/lab3/div32/div32_tb_behav.wcfg
source div32_tb.tcl
close_sim
